bun test v1.3.4 (5eb2145b)

tests\ai-audience-exclusions.test.ts:
(pass) audience exclusions replace only the exclusion field [15.00ms]
(pass) exclusion-only edits preserve existing expansion metadata
(pass) undefined preserves inherited exclusions and an empty list clears them
(pass) an explicit empty exclusion list survives the full targeting update
(pass) only known integrity or permission failures block selection [16.00ms]
(pass) lookalike ineligibility does not block an available exclusion

tests\ai-audience-inclusions.test.ts:
(pass) inclusions replace only the include field and disable both expansions
(pass) undefined preserves and [] clears inclusions without clearing exclusions
(pass) clearing inclusions preserves the base expansion mode and flags
(pass) clearing the last inclusion preserves an explicitly applied demographic limit
(pass) only integrity, permission and missing references block inclusion
(pass) inclusions use OR semantics while exclusions keep precedence
(pass) audience facts report exclusion precedence without rejecting overlap
(pass) verification rejects inherited individual expansion suggestions [16.00ms]

tests\audience-library-manager.test.ts:
(pass) standalone library and AI campaign sheet share the operator audience manager
(pass) shared workspace preserves administrative scope and resets editor defaults per target [16.00ms]
(pass) audience navigation preserves workspace boundaries and embedded page permission
(pass) account page gates the manager on current loaded client and validates URL selection

tests\review-sheet-stacking.test.ts:
(pass) o wrapper dos overlays Radix fica acima dos sheets de revisão, com !important
(pass) o PopoverContent fica acima dos sheets de revisão e recebe cliques [15.00ms]

 20 pass
 0 fail
Ran 20 tests across 4 files. [953.00ms]
